Archive member included to satisfy reference by file (symbol)

D:/STM32CubeIDE_1.13.2/STM32CubeIDE/plugins/com.st.stm32cube.ide.mcu.externaltools.gnu-tools-for-stm32.11.3.rel1.win32_1.1.1.202309131626/tools/bin/../lib/gcc/arm-none-eabi/11.3.1/../../../../arm-none-eabi/lib/thumb/v7e-m+fp/hard\libc_nano.a(libc_a-exit.o)
                              D:/STM32CubeIDE_1.13.2/STM32CubeIDE/plugins/com.st.stm32cube.ide.mcu.externaltools.gnu-tools-for-stm32.11.3.rel1.win32_1.1.1.202309131626/tools/bin/../lib/gcc/arm-none-eabi/11.3.1/../../../../arm-none-eabi/lib/thumb/v7e-m+fp/hard/crt0.o (exit)
D:/STM32CubeIDE_1.13.2/STM32CubeIDE/plugins/com.st.stm32cube.ide.mcu.externaltools.gnu-tools-for-stm32.11.3.rel1.win32_1.1.1.202309131626/tools/bin/../lib/gcc/arm-none-eabi/11.3.1/../../../../arm-none-eabi/lib/thumb/v7e-m+fp/hard\libc_nano.a(libc_a-findfp.o)
                              D:/STM32CubeIDE_1.13.2/STM32CubeIDE/plugins/com.st.stm32cube.ide.mcu.externaltools.gnu-tools-for-stm32.11.3.rel1.win32_1.1.1.202309131626/tools/bin/../lib/gcc/arm-none-eabi/11.3.1/../../../../arm-none-eabi/lib/thumb/v7e-m+fp/hard\libc_nano.a(libc_a-exit.o) (__stdio_exit_handler)
D:/STM32CubeIDE_1.13.2/STM32CubeIDE/plugins/com.st.stm32cube.ide.mcu.externaltools.gnu-tools-for-stm32.11.3.rel1.win32_1.1.1.202309131626/tools/bin/../lib/gcc/arm-none-eabi/11.3.1/../../../../arm-none-eabi/lib/thumb/v7e-m+fp/hard\libc_nano.a(libc_a-fwalk.o)
                              D:/STM32CubeIDE_1.13.2/STM32CubeIDE/plugins/com.st.stm32cube.ide.mcu.externaltools.gnu-tools-for-stm32.11.3.rel1.win32_1.1.1.202309131626/tools/bin/../lib/gcc/arm-none-eabi/11.3.1/../../../../arm-none-eabi/lib/thumb/v7e-m+fp/hard\libc_nano.a(libc_a-findfp.o) (_fwalk_sglue)
D:/STM32CubeIDE_1.13.2/STM32CubeIDE/plugins/com.st.stm32cube.ide.mcu.externaltools.gnu-tools-for-stm32.11.3.rel1.win32_1.1.1.202309131626/tools/bin/../lib/gcc/arm-none-eabi/11.3.1/../../../../arm-none-eabi/lib/thumb/v7e-m+fp/hard\libc_nano.a(libc_a-stdio.o)
                              D:/STM32CubeIDE_1.13.2/STM32CubeIDE/plugins/com.st.stm32cube.ide.mcu.externaltools.gnu-tools-for-stm32.11.3.rel1.win32_1.1.1.202309131626/tools/bin/../lib/gcc/arm-none-eabi/11.3.1/../../../../arm-none-eabi/lib/thumb/v7e-m+fp/hard\libc_nano.a(libc_a-findfp.o) (__sread)
D:/STM32CubeIDE_1.13.2/STM32CubeIDE/plugins/com.st.stm32cube.ide.mcu.externaltools.gnu-tools-for-stm32.11.3.rel1.win32_1.1.1.202309131626/tools/bin/../lib/gcc/arm-none-eabi/11.3.1/../../../../arm-none-eabi/lib/thumb/v7e-m+fp/hard\libc_nano.a(libc_a-vsprintf.o)
                              ./Application/Bootloader/Bootloader.o (vsprintf)
D:/STM32CubeIDE_1.13.2/STM32CubeIDE/plugins/com.st.stm32cube.ide.mcu.externaltools.gnu-tools-for-stm32.11.3.rel1.win32_1.1.1.202309131626/tools/bin/../lib/gcc/arm-none-eabi/11.3.1/../../../../arm-none-eabi/lib/thumb/v7e-m+fp/hard\libc_nano.a(libc_a-memset.o)
                              D:/STM32CubeIDE_1.13.2/STM32CubeIDE/plugins/com.st.stm32cube.ide.mcu.externaltools.gnu-tools-for-stm32.11.3.rel1.win32_1.1.1.202309131626/tools/bin/../lib/gcc/arm-none-eabi/11.3.1/../../../../arm-none-eabi/lib/thumb/v7e-m+fp/hard/crt0.o (memset)
D:/STM32CubeIDE_1.13.2/STM32CubeIDE/plugins/com.st.stm32cube.ide.mcu.externaltools.gnu-tools-for-stm32.11.3.rel1.win32_1.1.1.202309131626/tools/bin/../lib/gcc/arm-none-eabi/11.3.1/../../../../arm-none-eabi/lib/thumb/v7e-m+fp/hard\libc_nano.a(libc_a-closer.o)
                              D:/STM32CubeIDE_1.13.2/STM32CubeIDE/plugins/com.st.stm32cube.ide.mcu.externaltools.gnu-tools-for-stm32.11.3.rel1.win32_1.1.1.202309131626/tools/bin/../lib/gcc/arm-none-eabi/11.3.1/../../../../arm-none-eabi/lib/thumb/v7e-m+fp/hard\libc_nano.a(libc_a-stdio.o) (_close_r)
D:/STM32CubeIDE_1.13.2/STM32CubeIDE/plugins/com.st.stm32cube.ide.mcu.externaltools.gnu-tools-for-stm32.11.3.rel1.win32_1.1.1.202309131626/tools/bin/../lib/gcc/arm-none-eabi/11.3.1/../../../../arm-none-eabi/lib/thumb/v7e-m+fp/hard\libc_nano.a(libc_a-reent.o)
                              D:/STM32CubeIDE_1.13.2/STM32CubeIDE/plugins/com.st.stm32cube.ide.mcu.externaltools.gnu-tools-for-stm32.11.3.rel1.win32_1.1.1.202309131626/tools/bin/../lib/gcc/arm-none-eabi/11.3.1/../../../../arm-none-eabi/lib/thumb/v7e-m+fp/hard\libc_nano.a(libc_a-closer.o) (errno)
D:/STM32CubeIDE_1.13.2/STM32CubeIDE/plugins/com.st.stm32cube.ide.mcu.externaltools.gnu-tools-for-stm32.11.3.rel1.win32_1.1.1.202309131626/tools/bin/../lib/gcc/arm-none-eabi/11.3.1/../../../../arm-none-eabi/lib/thumb/v7e-m+fp/hard\libc_nano.a(libc_a-impure.o)
                              D:/STM32CubeIDE_1.13.2/STM32CubeIDE/plugins/com.st.stm32cube.ide.mcu.externaltools.gnu-tools-for-stm32.11.3.rel1.win32_1.1.1.202309131626/tools/bin/../lib/gcc/arm-none-eabi/11.3.1/../../../../arm-none-eabi/lib/thumb/v7e-m+fp/hard\libc_nano.a(libc_a-vsprintf.o) (_impure_ptr)
[...]
Memory Configuration

Name             Origin             Length             Attributes
RAM              0x0000000020000000 0x0000000000010000 xrw
FLASH            0x0000000008000000 0x0000000000040000 xr
*default*        0x0000000000000000 0xffffffffffffffff

Linker script and memory map

LOAD D:/STM32CubeIDE_1.13.2/STM32CubeIDE/plugins/com.st.stm32cube.ide.mcu.externaltools.gnu-tools-for-stm32.11.3.rel1.win32_1.1.1.202309131626/tools/bin/../lib/gcc/arm-none-eabi/11.3.1/thumb/v7e-m+fp/hard/crti.o
LOAD D:/STM32CubeIDE_1.13.2/STM32CubeIDE/plugins/com.st.stm32cube.ide.mcu.externaltools.gnu-tools-for-stm32.11.3.rel1.win32_1.1.1.202309131626/tools/bin/../lib/gcc/arm-none-eabi/11.3.1/thumb/v7e-m+fp/hard/crtbegin.o
LOAD D:/STM32CubeIDE_1.13.2/STM32CubeIDE/plugins/com.st.stm32cube.ide.mcu.externaltools.gnu-tools-for-stm32.11.3.rel1.win32_1.1.1.202309131626/tools/bin/../lib/gcc/arm-none-eabi/11.3.1/../../../../arm-none-eabi/lib/thumb/v7e-m+fp/hard/crt0.o
LOAD ./Application/Bootloader/Bootloader.o
LOAD ./Application/User/Core/crc.o
LOAD ./Application/User/Core/gpio.o
LOAD ./Application/User/Core/main.o
LOAD ./Application/User/Core/stm32f4xx_hal_msp.o
LOAD ./Application/User/Core/stm32f4xx_it.o
LOAD ./Application/User/Core/syscalls.o
LOAD ./Application/User/Core/sysmem.o
LOAD ./Application/User/Core/usart.o
LOAD ./Application/User/Startup/startup_stm32f401ccux.o
LOAD ./Drivers/CMSIS/system_stm32f4xx.o
LOAD ./Drivers/STM32F4xx_HAL_Driver/stm32f4xx_hal.o
LOAD ./Drivers/STM32F4xx_HAL_Driver/stm32f4xx_hal_cortex.o
LOAD ./Drivers/STM32F4xx_HAL_Driver/stm32f4xx_hal_crc.o
LOAD ./Drivers/STM32F4xx_HAL_Driver/stm32f4xx_hal_dma.o
LOAD ./Drivers/STM32F4xx_HAL_Driver/stm32f4xx_hal_dma_ex.o
LOAD ./Drivers/STM32F4xx_HAL_Driver/stm32f4xx_hal_exti.o
LOAD ./Drivers/STM32F4xx_HAL_Driver/stm32f4xx_hal_flash.o
LOAD ./Drivers/STM32F4xx_HAL_Driver/stm32f4xx_hal_flash_ex.o
LOAD ./Drivers/STM32F4xx_HAL_Driver/stm32f4xx_hal_flash_ramfunc.o
LOAD ./Drivers/STM32F4xx_HAL_Driver/stm32f4xx_hal_gpio.o
LOAD ./Drivers/STM32F4xx_HAL_Driver/stm32f4xx_hal_pwr.o
LOAD ./Drivers/STM32F4xx_HAL_Driver/stm32f4xx_hal_pwr_ex.o
LOAD ./Drivers/STM32F4xx_HAL_Driver/stm32f4xx_hal_rcc.o
LOAD ./Drivers/STM32F4xx_HAL_Driver/stm32f4xx_hal_rcc_ex.o
LOAD ./Drivers/STM32F4xx_HAL_Driver/stm32f4xx_hal_tim.o
LOAD ./Drivers/STM32F4xx_HAL_Driver/stm32f4xx_hal_tim_ex.o
LOAD ./Drivers/STM32F4xx_HAL_Driver/stm32f4xx_hal_uart.o
START GROUP
LOAD D:/STM32CubeIDE_1.13.2/STM32CubeIDE/plugins/com.st.stm32cube.ide.mcu.externaltools.gnu-tools-for-stm32.11.3.rel1.win32_1.1.1.202309131626/tools/bin/../lib/gcc/arm-none-eabi/11.3.1/../../../../arm-none-eabi/lib/thumb/v7e-m+fp/hard\libc_nano.a
LOAD D:/STM32CubeIDE_1.13.2/STM32CubeIDE/plugins/com.st.stm32cube.ide.mcu.externaltools.gnu-tools-for-stm32.11.3.rel1.win32_1.1.1.202309131626/tools/bin/../lib/gcc/arm-none-eabi/11.3.1/../../../../arm-none-eabi/lib/thumb/v7e-m+fp/hard\libm.a
END GROUP
START GROUP
LOAD D:/STM32CubeIDE_1.13.2/STM32CubeIDE/plugins/com.st.stm32cube.ide.mcu.externaltools.gnu-tools-for-stm32.11.3.rel1.win32_1.1.1.202309131626/tools/bin/../lib/gcc/arm-none-eabi/11.3.1/thumb/v7e-m+fp/hard\libgcc.a
LOAD D:/STM32CubeIDE_1.13.2/STM32CubeIDE/plugins/com.st.stm32cube.ide.mcu.externaltools.gnu-tools-for-stm32.11.3.rel1.win32_1.1.1.202309131626/tools/bin/../lib/gcc/arm-none-eabi/11.3.1/../../../../arm-none-eabi/lib/thumb/v7e-m+fp/hard\libc_nano.a
END GROUP
START GROUP
LOAD D:/STM32CubeIDE_1.13.2/STM32CubeIDE/plugins/com.st.stm32cube.ide.mcu.externaltools.gnu-tools-for-stm32.11.3.rel1.win32_1.1.1.202309131626/tools/bin/../lib/gcc/arm-none-eabi/11.3.1/thumb/v7e-m+fp/hard\libgcc.a
LOAD D:/STM32CubeIDE_1.13.2/STM32CubeIDE/plugins/com.st.stm32cube.ide.mcu.externaltools.gnu-tools-for-stm32.11.3.rel1.win32_1.1.1.202309131626/tools/bin/../lib/gcc/arm-none-eabi/11.3.1/../../../../arm-none-eabi/lib/thumb/v7e-m+fp/hard\libc_nano.a
LOAD D:/STM32CubeIDE_1.13.2/STM32CubeIDE/plugins/com.st.stm32cube.ide.mcu.externaltools.gnu-tools-for-stm32.11.3.rel1.win32_1.1.1.202309131626/tools/bin/../lib/gcc/arm-none-eabi/11.3.1/../../../../arm-none-eabi/lib/thumb/v7e-m+fp/hard\libnosys.a
END GROUP
START GROUP
LOAD D:/STM32CubeIDE_1.13.2/STM32CubeIDE/plugins/com.st.stm32cube.ide.mcu.externaltools.gnu-tools-for-stm32.11.3.rel1.win32_1.1.1.202309131626/tools/bin/../lib/gcc/arm-none-eabi/11.3.1/thumb/v7e-m+fp/hard\libgcc.a
LOAD D:/STM32CubeIDE_1.13.2/STM32CubeIDE/plugins/com.st.stm32cube.ide.mcu.externaltools.gnu-tools-for-stm32.11.3.rel1.win32_1.1.1.202309131626/tools/bin/../lib/gcc/arm-none-eabi/11.3.1/../../../../arm-none-eabi/lib/thumb/v7e-m+fp/hard\libc_nano.a
LOAD D:/STM32CubeIDE_1.13.2/STM32CubeIDE/plugins/com.st.stm32cube.ide.mcu.externaltools.gnu-tools-for-stm32.11.3.rel1.win32_1.1.1.202309131626/tools/bin/../lib/gcc/arm-none-eabi/11.3.1/../../../../arm-none-eabi/lib/thumb/v7e-m+fp/hard\libnosys.a
END GROUP
LOAD D:/STM32CubeIDE_1.13.2/STM32CubeIDE/plugins/com.st.stm32cube.ide.mcu.externaltools.gnu-tools-for-stm32.11.3.rel1.win32_1.1.1.202309131626/tools/bin/../lib/gcc/arm-none-eabi/11.3.1/thumb/v7e-m+fp/hard/crtend.o
LOAD D:/STM32CubeIDE_1.13.2/STM32CubeIDE/plugins/com.st.stm32cube.ide.mcu.externaltools.gnu-tools-for-stm32.11.3.rel1.win32_1.1.1.202309131626/tools/bin/../lib/gcc/arm-none-eabi/11.3.1/thumb/v7e-m+fp/hard/crtn.o
                0x0000000020010000                _estack = (ORIGIN (RAM) + LENGTH (RAM))
                0x0000000000000200                _Min_Heap_Size = 0x200
                0x0000000000000400                _Min_Stack_Size = 0x400

.isr_vector     0x0000000008000000      0x194
                0x0000000008000000                . = ALIGN (0x4)
 *(.isr_vector)
 .isr_vector    0x0000000008000000      0x194 ./Application/User/Startup/startup_stm32f401ccux.o
                0x0000000008000000                g_pfnVectors
                0x0000000008000194                . = ALIGN (0x4)

.text           0x0000000008000194     0x3170
                0x0000000008000194                . = ALIGN (0x4)
 *(.text)
 .text          0x0000000008000194       0x40 D:/STM32CubeIDE_1.13.2/STM32CubeIDE/plugins/com.st.stm32cube.ide.mcu.externaltools.gnu-tools-for-stm32.11.3.rel1.win32_1.1.1.202309131626/tools/bin/../lib/gcc/arm-none-eabi/11.3.1/thumb/v7e-m+fp/hard/crtbegin.o
 .text          0x00000000080001d4       0x30 D:/STM32CubeIDE_1.13.2/STM32CubeIDE/plugins/com.st.stm32cube.ide.mcu.externaltools.gnu-tools-for-stm32.11.3.rel1.win32_1.1.1.202309131626/tools/bin/../lib/gcc/arm-none-eabi/11.3.1/thumb/v7e-m+fp/hard\libgcc.a(_aeabi_uldivmod.o)
                0x00000000080001d4                __aeabi_uldivmod
 .text          0x0000000008000204      0x2c8 D:/STM32CubeIDE_1.13.2/STM32CubeIDE/plugins/com.st.stm32cube.ide.mcu.externaltools.gnu-tools-for-stm32.11.3.rel1.win32_1.1.1.202309131626/tools/bin/../lib/gcc/arm-none-eabi/11.3.1/thumb/v7e-m+fp/hard\libgcc.a(_udivmoddi4.o)
                0x0000000008000204                __udivmoddi4
 .text          0x00000000080004cc        0x4 D:/STM32CubeIDE_1.13.2/STM32CubeIDE/plugins/com.st.stm32cube.ide.mcu.externaltools.gnu-tools-for-stm32.11.3.rel1.win32_1.1.1.202309131626/tools/bin/../lib/gcc/arm-none-eabi/11.3.1/thumb/v7e-m+fp/hard\libgcc.a(_dvmd_tls.o)
                0x00000000080004cc                __aeabi_idiv0
                0x00000000080004cc                __aeabi_ldiv0
 *(.text*)
 .text.BL_UART_Featch_Host_Command
                0x00000000080004d0       0x9c ./Application/Bootloader/Bootloader.o
                0x00000000080004d0                BL_UART_Featch_Host_Command
 .text.Bootloader_CRC_Verifiy
                0x000000000800056c       0x70 ./Application/Bootloader/Bootloader.o
 .text.Bootloader_SendAck
                0x00000000080005dc       0x26 ./Application/Bootloader/Bootloader.o
 .text.Bootloader_SendNAck
                0x0000000008000602       0x1c ./Application/Bootloader/Bootloader.o
 *fill*         0x000000000800061e        0x2 
 .text.Bootloader_Get_Version
                0x0000000008000620       0x5c ./Application/Bootloader/Bootloader.o
 .text.Bootloader_Get_Help
                0x000000000800067c       0x58 ./Application/Bootloader/Bootloader.o
 .text.Bootloader_Get_Chip_ID
                0x00000000080006d4       0x6c ./Application/Bootloader/Bootloader.o
 .text.Bootloader_Read_Protection_Level
                0x0000000008000740       0x60 ./Application/Bootloader/Bootloader.o
 .text.Bootloader_Jump_to_Address
                0x00000000080007a0       0xc0 ./Application/Bootloader/Bootloader.o
 .text.Perfrom_Flash_Erase
                0x0000000008000860       0xe4 ./Application/Bootloader/Bootloader.o
 .text.Bootloader_Erase_Flash
                0x0000000008000944       0x7c ./Application/Bootloader/Bootloader.o
 .text.Perfrom_Memory_Write
                0x00000000080009c0       0x78 ./Application/Bootloader/Bootloader.o
 .text.Bootloader_Memory_Write
                0x0000000008000a38       0xd4 ./Application/Bootloader/Bootloader.o
 .text.BL_Change_ROP_Level
                0x0000000008000b0c       0xbe ./Application/Bootloader/Bootloader.o
 *fill*         0x0000000008000bca        0x2 
 .text.Bootloader_ChangeReadProtection
                0x0000000008000bcc       0x74 ./Application/Bootloader/Bootloader.o
 .text.BL_Read_Flash_Protection_Level
                0x0000000008000c40       0x1a ./Application/Bootloader/Bootloader.o
 *fill*         0x0000000008000c5a        0x2 
 .text.BootLoader_SendData
                0x0000000008000c5c       0x30 ./Application/Bootloader/Bootloader.o
 .text.MX_CRC_Init
                0x0000000008000c8c       0x28 ./Application/User/Core/crc.o
                0x0000000008000c8c                MX_CRC_Init
 .text.HAL_CRC_MspInit
                0x0000000008000cb4       0x44 ./Application/User/Core/crc.o
                0x0000000008000cb4                HAL_CRC_MspInit
 .text.MX_GPIO_Init
                0x0000000008000cf8       0x34 ./Application/User/Core/gpio.o
                0x0000000008000cf8                MX_GPIO_Init
 .text.main     0x0000000008000d2c       0x32 ./Application/User/Core/main.o
                0x0000000008000d2c                main
 *fill*         0x0000000008000d5e        0x2 
 .text.SystemClock_Config
                0x0000000008000d60       0xd4 ./Application/User/Core/main.o
                0x0000000008000d60                SystemClock_Config
 .text.Error_Handler
                0x0000000008000e34        0xa ./Application/User/Core/main.o
                0x0000000008000e34                Error_Handler
 *fill*         0x0000000008000e3e        0x2 
 .text.HAL_MspInit
                0x0000000008000e40       0x50 ./Application/User/Core/stm32f4xx_hal_msp.o
                0x0000000008000e40                HAL_MspInit
 .text.NMI_Handler
                0x0000000008000e90        0x6 ./Application/User/Core/stm32f4xx_it.o
                0x0000000008000e90                NMI_Handler
 .text.HardFault_Handler
                0x0000000008000e96        0x6 ./Application/User/Core/stm32f4xx_it.o
                0x0000000008000e96                HardFault_Handler
 .text.MemManage_Handler
                0x0000000008000e9c        0x6 ./Application/User/Core/stm32f4xx_it.o
                0x0000000008000e9c                MemManage_Handler
 .text.BusFault_Handler
                0x0000000008000ea2        0x6 ./Application/User/Core/stm32f4xx_it.o
                0x0000000008000ea2                BusFault_Handler
 .text.UsageFault_Handler
                0x0000000008000ea8        0x6 ./Application/User/Core/stm32f4xx_it.o
                0x0000000008000ea8                UsageFault_Handler
 .text.SVC_Handler
                0x0000000008000eae        0xe ./Application/User/Core/stm32f4xx_it.o
                0x0000000008000eae                SVC_Handler
 .text.DebugMon_Handler
                0x0000000008000ebc        0xe ./Application/User/Core/stm32f4xx_it.o
                0x0000000008000ebc                DebugMon_Handler
 .text.PendSV_Handler
                0x0000000008000eca        0xe ./Application/User/Core/stm32f4xx_it.o
                0x0000000008000eca                PendSV_Handler
 .text.SysTick_Handler
                0x0000000008000ed8        0xc ./Application/User/Core/stm32f4xx_it.o
                0x0000000008000ed8                SysTick_Handler
 .text.MX_USART1_UART_Init
                0x0000000008000ee4       0x54 ./Application/User/Core/usart.o
                0x0000000008000ee4                MX_USART1_UART_Init
 .text.MX_USART2_UART_Init
                0x0000000008000f38       0x54 ./Application/User/Core/usart.o
                0x0000000008000f38                MX_USART2_UART_Init
 .text.HAL_UART_MspInit
                0x0000000008000f8c       0xf8 ./Application/User/Core/usart.o
                0x0000000008000f8c                HAL_UART_MspInit
 .text.Reset_Handler
                0x0000000008001084       0x50 ./Application/User/Startup/startup_stm32f401ccux.o
                0x0000000008001084                Reset_Handler
 .text.Default_Handler
                0x00000000080010d4        0x2 ./Application/User/Startup/startup_stm32f401ccux.o
                0x00000000080010d4                RTC_Alarm_IRQHandler
                0x00000000080010d4                EXTI2_IRQHandler
                0x00000000080010d4                SPI4_IRQHandler
                0x00000000080010d4                TIM1_CC_IRQHandler
                0x00000000080010d4                DMA2_Stream5_IRQHandler
                0x00000000080010d4                DMA1_Stream5_IRQHandler
                0x00000000080010d4                PVD_IRQHandler
                0x00000000080010d4                SDIO_IRQHandler
                0x00000000080010d4                TAMP_STAMP_IRQHandler
                0x00000000080010d4                EXTI3_IRQHandler
                0x00000000080010d4                TIM1_UP_TIM10_IRQHandler
                0x00000000080010d4                I2C3_ER_IRQHandler
                0x00000000080010d4                EXTI0_IRQHandler
                0x00000000080010d4                I2C2_EV_IRQHandler
                0x00000000080010d4                DMA1_Stream2_IRQHandler
                0x00000000080010d4                FPU_IRQHandler
                0x00000000080010d4                DMA2_Stream2_IRQHandler
                0x00000000080010d4                SPI1_IRQHandler
                0x00000000080010d4                TIM1_BRK_TIM9_IRQHandler
                0x00000000080010d4                DMA2_Stream3_IRQHandler
                0x00000000080010d4                USART6_IRQHandler
                0x00000000080010d4                DMA2_Stream0_IRQHandler
                0x00000000080010d4                TIM4_IRQHandler
                0x00000000080010d4                I2C1_EV_IRQHandler
                0x00000000080010d4                DMA1_Stream6_IRQHandler
                0x00000000080010d4                DMA1_Stream1_IRQHandler
                0x00000000080010d4                TIM3_IRQHandler
                0x00000000080010d4                RCC_IRQHandler
                0x00000000080010d4                Default_Handler
                0x00000000080010d4                EXTI15_10_IRQHandler
                0x00000000080010d4                ADC_IRQHandler
                0x00000000080010d4                DMA1_Stream7_IRQHandler
                0x00000000080010d4                TIM5_IRQHandler
                0x00000000080010d4                DMA2_Stream7_IRQHandler
                0x00000000080010d4                I2C3_EV_IRQHandler
                0x00000000080010d4                EXTI9_5_IRQHandler
                0x00000000080010d4                RTC_WKUP_IRQHandler
                0x00000000080010d4                SPI2_IRQHandler
                0x00000000080010d4                DMA1_Stream0_IRQHandler
                0x00000000080010d4                EXTI4_IRQHandler
                0x00000000080010d4                WWDG_IRQHandler
                0x00000000080010d4                TIM2_IRQHandler
                0x00000000080010d4                OTG_FS_WKUP_IRQHandler
                0x00000000080010d4                TIM1_TRG_COM_TIM11_IRQHandler
                0x00000000080010d4                EXTI1_IRQHandler
                0x00000000080010d4                USART2_IRQHandler
                0x00000000080010d4                I2C2_ER_IRQHandler
                0x00000000080010d4                DMA2_Stream1_IRQHandler
                0x00000000080010d4                FLASH_IRQHandler
                0x00000000080010d4                DMA2_Stream4_IRQHandler
                0x00000000080010d4                USART1_IRQHandler
                0x00000000080010d4                OTG_FS_IRQHandler
                0x00000000080010d4                SPI3_IRQHandler
                0x00000000080010d4                DMA1_Stream4_IRQHandler
                0x00000000080010d4                I2C1_ER_IRQHandler
                0x00000000080010d4                DMA2_Stream6_IRQHandler
                0x00000000080010d4                DMA1_Stream3_IRQHandler
 *fill*         0x00000000080010d6        0x2 
 .text.SystemInit
                0x00000000080010d8       0x24 ./Drivers/CMSIS/system_stm32f4xx.o
                0x00000000080010d8                SystemInit
 .text.HAL_Init
                0x00000000080010fc       0x44 ./Drivers/STM32F4xx_HAL_Driver/stm32f4xx_hal.o
                0x00000000080010fc                HAL_Init
 .text.HAL_InitTick
                0x0000000008001140       0x60 ./Drivers/STM32F4xx_HAL_Driver/stm32f4xx_hal.o
                0x0000000008001140                HAL_InitTick
 .text.HAL_IncTick
                0x00000000080011a0       0x28 ./Drivers/STM32F4xx_HAL_Driver/stm32f4xx_hal.o
                0x00000000080011a0                HAL_IncTick
 .text.HAL_GetTick
                0x00000000080011c8       0x18 ./Drivers/STM32F4xx_HAL_Driver/stm32f4xx_hal.o
                0x00000000080011c8                HAL_GetTick
 .text.__NVIC_SetPriorityGrouping
                0x00000000080011e0       0x48 ./Drivers/STM32F4xx_HAL_Driver/stm32f4xx_hal_cortex.o
 .text.__NVIC_GetPriorityGrouping
                0x0000000008001228       0x1c ./Drivers/STM32F4xx_HAL_Driver/stm32f4xx_hal_cortex.o
 .text.__NVIC_SetPriority
                0x0000000008001244       0x54 ./Drivers/STM32F4xx_HAL_Driver/stm32f4xx_hal_cortex.o
 .text.NVIC_EncodePriority
                0x0000000008001298       0x66 ./Drivers/STM32F4xx_HAL_Driver/stm32f4xx_hal_cortex.o
 *fill*         0x00000000080012fe        0x2 
 .text.SysTick_Config
                0x0000000008001300       0x44 ./Drivers/STM32F4xx_HAL_Driver/stm32f4xx_hal_cortex.o
 .text.HAL_NVIC_SetPriorityGrouping
                0x0000000008001344       0x16 ./Drivers/STM32F4xx_HAL_Driver/stm32f4xx_hal_cortex.o
                0x0000000008001344                HAL_NVIC_SetPriorityGrouping
 .text.HAL_NVIC_SetPriority
                0x000000000800135a       0x38 ./Drivers/STM32F4xx_HAL_Driver/stm32f4xx_hal_cortex.o
                0x000000000800135a                HAL_NVIC_SetPriority
 .text.HAL_SYSTICK_Config
                0x0000000008001392       0x18 ./Drivers/STM32F4xx_HAL_Driver/stm32f4xx_hal_cortex.o
                0x0000000008001392                HAL_SYSTICK_Config
 .text.HAL_CRC_Init
                0x00000000080013aa       0x38 ./Drivers/STM32F4xx_HAL_Driver/stm32f4xx_hal_crc.o
                0x00000000080013aa                HAL_CRC_Init
 .text.HAL_CRC_Accumulate
                0x00000000080013e2       0x56 ./Drivers/STM32F4xx_HAL_Driver/stm32f4xx_hal_crc.o
                0x00000000080013e2                HAL_CRC_Accumulate
 .text.HAL_FLASH_Program
                0x0000000008001438       0xa8 ./Drivers/STM32F4xx_HAL_Driver/stm32f4xx_hal_flash.o
                0x0000000008001438                HAL_FLASH_Program
 .text.HAL_FLASH_Unlock
                0x00000000080014e0       0x44 ./Drivers/STM32F4xx_HAL_Driver/stm32f4xx_hal_flash.o
                0x00000000080014e0                HAL_FLASH_Unlock
 .text.HAL_FLASH_Lock
                0x0000000008001524       0x20 ./Drivers/STM32F4xx_HAL_Driver/stm32f4xx_hal_flash.o
                0x0000000008001524                HAL_FLASH_Lock
 .text.HAL_FLASH_OB_Unlock
                0x0000000008001544       0x38 ./Drivers/STM32F4xx_HAL_Driver/stm32f4xx_hal_flash.o
                0x0000000008001544                HAL_FLASH_OB_Unlock
 .text.HAL_FLASH_OB_Lock
                0x000000000800157c       0x20 ./Drivers/STM32F4xx_HAL_Driver/stm32f4xx_hal_flash.o
                0x000000000800157c                HAL_FLASH_OB_Lock
 .text.HAL_FLASH_OB_Launch
                0x000000000800159c       0x28 ./Drivers/STM32F4xx_HAL_Driver/stm32f4xx_hal_flash.o
                0x000000000800159c                HAL_FLASH_OB_Launch
 .text.FLASH_WaitForLastOperation
                0x00000000080015c4       0x80 ./Drivers/STM32F4xx_HAL_Driver/stm32f4xx_hal_flash.o
                0x00000000080015c4                FLASH_WaitForLastOperation
 .text.FLASH_Program_DoubleWord
                0x0000000008001644       0x64 ./Drivers/STM32F4xx_HAL_Driver/stm32f4xx_hal_flash.o
 .text.FLASH_Program_Word
                0x00000000080016a8       0x44 ./Drivers/STM32F4xx_HAL_Driver/stm32f4xx_hal_flash.o
 .text.FLASH_Program_HalfWord
                0x00000000080016ec       0x48 ./Drivers/STM32F4xx_HAL_Driver/stm32f4xx_hal_flash.o
 .text.FLASH_Program_Byte
                0x0000000008001734       0x44 ./Drivers/STM32F4xx_HAL_Driver/stm32f4xx_hal_flash.o
 .text.FLASH_SetErrorCode
                0x0000000008001778       0xcc ./Drivers/STM32F4xx_HAL_Driver/stm32f4xx_hal_flash.o
 .text.HAL_FLASHEx_Erase
                0x0000000008001844       0xe0 ./Drivers/STM32F4xx_HAL_Driver/stm32f4xx_hal_flash_ex.o
                0x0000000008001844                HAL_FLASHEx_Erase
 .text.HAL_FLASHEx_OBProgram
                0x0000000008001924       0xdc ./Drivers/STM32F4xx_HAL_Driver/stm32f4xx_hal_flash_ex.o
                0x0000000008001924                HAL_FLASHEx_OBProgram
 .text.HAL_FLASHEx_OBGetConfig
                0x0000000008001a00       0x46 ./Drivers/STM32F4xx_HAL_Driver/stm32f4xx_hal_flash_ex.o
                0x0000000008001a00                HAL_FLASHEx_OBGetConfig
 *fill*         0x0000000008001a46        0x2 
 .text.FLASH_MassErase
                0x0000000008001a48       0x48 ./Drivers/STM32F4xx_HAL_Driver/stm32f4xx_hal_flash_ex.o
 .text.FLASH_Erase_Sector
                0x0000000008001a90       0x90 ./Drivers/STM32F4xx_HAL_Driver/stm32f4xx_hal_flash_ex.o
                0x0000000008001a90                FLASH_Erase_Sector
 .text.FLASH_OB_EnableWRP
                0x0000000008001b20       0x44 ./Drivers/STM32F4xx_HAL_Driver/stm32f4xx_hal_flash_ex.o
 .text.FLASH_OB_DisableWRP
                0x0000000008001b64       0x40 ./Drivers/STM32F4xx_HAL_Driver/stm32f4xx_hal_flash_ex.o
 .text.FLASH_OB_RDP_LevelConfig
                0x0000000008001ba4       0x34 ./Drivers/STM32F4xx_HAL_Driver/stm32f4xx_hal_flash_ex.o
 .text.FLASH_OB_UserConfig
                0x0000000008001bd8       0x60 ./Drivers/STM32F4xx_HAL_Driver/stm32f4xx_hal_flash_ex.o
 .text.FLASH_OB_BOR_LevelConfig
                0x0000000008001c38       0x3c ./Drivers/STM32F4xx_HAL_Driver/stm32f4xx_hal_flash_ex.o
 .text.FLASH_OB_GetUser
                0x0000000008001c74       0x20 ./Drivers/STM32F4xx_HAL_Driver/stm32f4xx_hal_flash_ex.o
 .text.FLASH_OB_GetWRP
                0x0000000008001c94       0x18 ./Drivers/STM32F4xx_HAL_Driver/stm32f4xx_hal_flash_ex.o
 .text.FLASH_OB_GetRDP
                0x0000000008001cac       0x40 ./Drivers/STM32F4xx_HAL_Driver/stm32f4xx_hal_flash_ex.o
 .text.FLASH_OB_GetBOR
                0x0000000008001cec       0x20 ./Drivers/STM32F4xx_HAL_Driver/stm32f4xx_hal_flash_ex.o
 .text.FLASH_FlushCaches
                0x0000000008001d0c       0x8c ./Drivers/STM32F4xx_HAL_Driver/stm32f4xx_hal_flash_ex.o
                0x0000000008001d0c                FLASH_FlushCaches
 .text.HAL_GPIO_Init
                0x0000000008001d98      0x308 ./Drivers/STM32F4xx_HAL_Driver/stm32f4xx_hal_gpio.o
                0x0000000008001d98                HAL_GPIO_Init
 .text.HAL_RCC_OscConfig
                0x00000000080020a0      0x4f0 ./Drivers/STM32F4xx_HAL_Driver/stm32f4xx_hal_rcc.o
                0x00000000080020a0                HAL_RCC_OscConfig
 .text.HAL_RCC_ClockConfig
                0x0000000008002590      0x1cc ./Drivers/STM32F4xx_HAL_Driver/stm32f4xx_hal_rcc.o
                0x0000000008002590                HAL_RCC_ClockConfig
 .text.HAL_RCC_GetSysClockFreq
                0x000000000800275c      0x18c ./Drivers/STM32F4xx_HAL_Driver/stm32f4xx_hal_rcc.o
                0x000000000800275c                HAL_RCC_GetSysClockFreq
 .text.HAL_RCC_GetHCLKFreq
                0x00000000080028e8       0x18 ./Drivers/STM32F4xx_HAL_Driver/stm32f4xx_hal_rcc.o
                0x00000000080028e8                HAL_RCC_GetHCLKFreq
 .text.HAL_RCC_GetPCLK1Freq
                0x0000000008002900       0x28 ./Drivers/STM32F4xx_HAL_Driver/stm32f4xx_hal_rcc.o
                0x0000000008002900                HAL_RCC_GetPCLK1Freq
 .text.HAL_RCC_GetPCLK2Freq
                0x0000000008002928       0x28 ./Drivers/STM32F4xx_HAL_Driver/stm32f4xx_hal_rcc.o
                0x0000000008002928                HAL_RCC_GetPCLK2Freq
 .text.HAL_UART_Init
                0x0000000008002950       0xa0 ./Drivers/STM32F4xx_HAL_Driver/stm32f4xx_hal_uart.o
                0x0000000008002950                HAL_UART_Init
 .text.HAL_UART_Transmit
                0x00000000080029f0      0x116 ./Drivers/STM32F4xx_HAL_Driver/stm32f4xx_hal_uart.o
                0x00000000080029f0                HAL_UART_Transmit
 .text.HAL_UART_Receive
                0x0000000008002b06      0x12e ./Drivers/STM32F4xx_HAL_Driver/stm32f4xx_hal_uart.o
                0x0000000008002b06                HAL_UART_Receive
 .text.UART_WaitOnFlagUntilTimeout
                0x0000000008002c34       0xb2 ./Drivers/STM32F4xx_HAL_Driver/stm32f4xx_hal_uart.o
 .text.UART_EndRxTransfer
                0x0000000008002ce6       0xc6 ./Drivers/STM32F4xx_HAL_Driver/stm32f4xx_hal_uart.o
 .text.UART_SetConfig
                0x0000000008002dac      0x4e8 ./Drivers/STM32F4xx_HAL_Driver/stm32f4xx_hal_uart.o
 .text.memset   0x0000000008003294       0x10 D:/STM32CubeIDE_1.13.2/STM32CubeIDE/plugins/com.st.stm32cube.ide.mcu.externaltools.gnu-tools-for-stm32.11.3.rel1.win32_1.1.1.202309131626/tools/bin/../lib/gcc/arm-none-eabi/11.3.1/../../../../arm-none-eabi/lib/thumb/v7e-m+fp/hard\libc_nano.a(libc_a-memset.o)
                0x0000000008003294                memset
 .text.__libc_init_array
                0x00000000080032a4       0x48 D:/STM32CubeIDE_1.13.2/STM32CubeIDE/plugins/com.st.stm32cube.ide.mcu.externaltools.gnu-tools-for-stm32.11.3.rel1.win32_1.1.1.202309131626/tools/bin/../lib/gcc/arm-none-eabi/11.3.1/../../../../arm-none-eabi/lib/thumb/v7e-m+fp/hard\libc_nano.a(libc_a-init.o)
                0x00000000080032a4                __libc_init_array
 *(.glue_7)
 .glue_7        0x00000000080032ec        0x0 linker stubs
 *(.glue_7t)
 .glue_7t       0x00000000080032ec        0x0 linker stubs
 *(.eh_frame)
 .eh_frame      0x00000000080032ec        0x0 D:/STM32CubeIDE_1.13.2/STM32CubeIDE/plugins/com.st.stm32cube.ide.mcu.externaltools.gnu-tools-for-stm32.11.3.rel1.win32_1.1.1.202309131626/tools/bin/../lib/gcc/arm-none-eabi/11.3.1/thumb/v7e-m+fp/hard/crtbegin.o
 *(.init)
 .init          0x00000000080032ec        0x4 D:/STM32CubeIDE_1.13.2/STM32CubeIDE/plugins/com.st.stm32cube.ide.mcu.externaltools.gnu-tools-for-stm32.11.3.rel1.win32_1.1.1.202309131626/tools/bin/../lib/gcc/arm-none-eabi/11.3.1/thumb/v7e-m+fp/hard/crti.o
                0x00000000080032ec                _init
 .init          0x00000000080032f0        0x8 D:/STM32CubeIDE_1.13.2/STM32CubeIDE/plugins/com.st.stm32cube.ide.mcu.externaltools.gnu-tools-for-stm32.11.3.rel1.win32_1.1.1.202309131626/tools/bin/../lib/gcc/arm-none-eabi/11.3.1/thumb/v7e-m+fp/hard/crtn.o
 *(.fini)
 .fini          0x00000000080032f8        0x4 D:/STM32CubeIDE_1.13.2/STM32CubeIDE/plugins/com.st.stm32cube.ide.mcu.externaltools.gnu-tools-for-stm32.11.3.rel1.win32_1.1.1.202309131626/tools/bin/../lib/gcc/arm-none-eabi/11.3.1/thumb/v7e-m+fp/hard/crti.o
                0x00000000080032f8                _fini
 .fini          0x00000000080032fc        0x8 D:/STM32CubeIDE_1.13.2/STM32CubeIDE/plugins/com.st.stm32cube.ide.mcu.externaltools.gnu-tools-for-stm32.11.3.rel1.win32_1.1.1.202309131626/tools/bin/../lib/gcc/arm-none-eabi/11.3.1/thumb/v7e-m+fp/hard/crtn.o
                0x0000000008003304                . = ALIGN (0x4)
                0x0000000008003304                _etext = .

.vfp11_veneer   0x0000000008003304        0x0
 .vfp11_veneer  0x0000000008003304        0x0 linker stubs

.v4_bx          0x0000000008003304        0x0
 .v4_bx         0x0000000008003304        0x0 linker stubs

.iplt           0x0000000008003304        0x0
 .iplt          0x0000000008003304        0x0 D:/STM32CubeIDE_1.13.2/STM32CubeIDE/plugins/com.st.stm32cube.ide.mcu.externaltools.gnu-tools-for-stm32.11.3.rel1.win32_1.1.1.202309131626/tools/bin/../lib/gcc/arm-none-eabi/11.3.1/thumb/v7e-m+fp/hard/crtbegin.o

.rodata         0x0000000008003304       0x18
                0x0000000008003304                . = ALIGN (0x4)
 *(.rodata)
 *(.rodata*)
 .rodata.AHBPrescTable
                0x0000000008003304       0x10 ./Drivers/CMSIS/system_stm32f4xx.o
                0x0000000008003304                AHBPrescTable
 .rodata.APBPrescTable
                0x0000000008003314        0x8 ./Drivers/CMSIS/system_stm32f4xx.o
                0x0000000008003314                APBPrescTable
                0x000000000800331c                . = ALIGN (0x4)

.ARM.extab      0x000000000800331c        0x0
                0x000000000800331c                . = ALIGN (0x4)
 *(.ARM.extab* .gnu.linkonce.armextab.*)
                0x000000000800331c                . = ALIGN (0x4)

.ARM            0x000000000800331c        0x8
                0x000000000800331c                . = ALIGN (0x4)
                0x000000000800331c                __exidx_start = .
 *(.ARM.exidx*)
 .ARM.exidx     0x000000000800331c        0x8 D:/STM32CubeIDE_1.13.2/STM32CubeIDE/plugins/com.st.stm32cube.ide.mcu.externaltools.gnu-tools-for-stm32.11.3.rel1.win32_1.1.1.202309131626/tools/bin/../lib/gcc/arm-none-eabi/11.3.1/thumb/v7e-m+fp/hard\libgcc.a(_udivmoddi4.o)
                0x0000000008003324                __exidx_end = .
                0x0000000008003324                . = ALIGN (0x4)

.preinit_array  0x0000000008003324        0x0
                0x0000000008003324                . = ALIGN (0x4)
                0x0000000008003324                PROVIDE (__preinit_array_start = .)
 *(.preinit_array*)
                0x0000000008003324                PROVIDE (__preinit_array_end = .)
                0x0000000008003324                . = ALIGN (0x4)

.init_array     0x0000000008003324        0x4
                0x0000000008003324                . = ALIGN (0x4)
                0x0000000008003324                PROVIDE (__init_array_start = .)
 *(SORT_BY_NAME(.init_array.*))
 *(.init_array*)
 .init_array    0x0000000008003324        0x4 D:/STM32CubeIDE_1.13.2/STM32CubeIDE/plugins/com.st.stm32cube.ide.mcu.externaltools.gnu-tools-for-stm32.11.3.rel1.win32_1.1.1.202309131626/tools/bin/../lib/gcc/arm-none-eabi/11.3.1/thumb/v7e-m+fp/hard/crtbegin.o
                0x0000000008003328                PROVIDE (__init_array_end = .)
                0x0000000008003328                . = ALIGN (0x4)

.fini_array     0x0000000008003328        0x4
                0x0000000008003328                . = ALIGN (0x4)
                [!provide]                        PROVIDE (__fini_array_start = .)
 *(SORT_BY_NAME(.fini_array.*))
 *(.fini_array*)
 .fini_array    0x0000000008003328        0x4 D:/STM32CubeIDE_1.13.2/STM32CubeIDE/plugins/com.st.stm32cube.ide.mcu.externaltools.gnu-tools-for-stm32.11.3.rel1.win32_1.1.1.202309131626/tools/bin/../lib/gcc/arm-none-eabi/11.3.1/thumb/v7e-m+fp/hard/crtbegin.o
                [!provide]                        PROVIDE (__fini_array_end = .)
                0x000000000800332c                . = ALIGN (0x4)
                0x000000000800332c                _sidata = LOADADDR (.data)

.rel.dyn        0x000000000800332c        0x0
 .rel.iplt      0x000000000800332c        0x0 D:/STM32CubeIDE_1.13.2/STM32CubeIDE/plugins/com.st.stm32cube.ide.mcu.externaltools.gnu-tools-for-stm32.11.3.rel1.win32_1.1.1.202309131626/tools/bin/../lib/gcc/arm-none-eabi/11.3.1/thumb/v7e-m+fp/hard/crtbegin.o

.data           0x0000000020000000       0x34 load address 0x000000000800332c
                0x0000000020000000                . = ALIGN (0x4)
                0x0000000020000000                _sdata = .
 *(.data)
 *(.data*)
 .data.BL_HelperFunc
                0x0000000020000000       0x20 ./Application/Bootloader/Bootloader.o
 .data.BL_Commands
                0x0000000020000020        0x8 ./Application/Bootloader/Bootloader.o
 .data.SystemCoreClock
                0x0000000020000028        0x4 ./Drivers/CMSIS/system_stm32f4xx.o
                0x0000000020000028                SystemCoreClock
 .data.uwTickPrio
                0x000000002000002c        0x4 ./Drivers/STM32F4xx_HAL_Driver/stm32f4xx_hal.o
                0x000000002000002c                uwTickPrio
 .data.uwTickFreq
                0x0000000020000030        0x1 ./Drivers/STM32F4xx_HAL_Driver/stm32f4xx_hal.o
                0x0000000020000030                uwTickFreq
 *(.RamFunc)
 *(.RamFunc*)
                0x0000000020000034                . = ALIGN (0x4)
 *fill*         0x0000000020000031        0x3 
                0x0000000020000034                _edata = .

.igot.plt       0x0000000020000034        0x0 load address 0x0000000008003360
 .igot.plt      0x0000000020000034        0x0 D:/STM32CubeIDE_1.13.2/STM32CubeIDE/plugins/com.st.stm32cube.ide.mcu.externaltools.gnu-tools-for-stm32.11.3.rel1.win32_1.1.1.202309131626/tools/bin/../lib/gcc/arm-none-eabi/11.3.1/thumb/v7e-m+fp/hard/crtbegin.o
                0x0000000020000034                . = ALIGN (0x4)

.bss            0x0000000020000034      0x1e8 load address 0x0000000008003360
                0x0000000020000034                _sbss = .
                0x0000000020000034                __bss_start__ = _sbss
 *(.bss)
 .bss           0x0000000020000034       0x1c D:/STM32CubeIDE_1.13.2/STM32CubeIDE/plugins/com.st.stm32cube.ide.mcu.externaltools.gnu-tools-for-stm32.11.3.rel1.win32_1.1.1.202309131626/tools/bin/../lib/gcc/arm-none-eabi/11.3.1/thumb/v7e-m+fp/hard/crtbegin.o
 *(.bss*)
 .bss.BL_HOST_BUFFER
                0x0000000020000050      0x110 ./Application/Bootloader/Bootloader.o
 .bss.hcrc      0x0000000020000160        0x8 ./Application/User/Core/crc.o
                0x0000000020000160                hcrc
 .bss.huart1    0x0000000020000168       0x48 ./Application/User/Core/usart.o
                0x0000000020000168                huart1
 .bss.huart2    0x00000000200001b0       0x48 ./Application/User/Core/usart.o
                0x00000000200001b0                huart2
 .bss.uwTick    0x00000000200001f8        0x4 ./Drivers/STM32F4xx_HAL_Driver/stm32f4xx_hal.o
                0x00000000200001f8                uwTick
 .bss.pFlash    0x00000000200001fc       0x20 ./Drivers/STM32F4xx_HAL_Driver/stm32f4xx_hal_flash.o
                0x00000000200001fc                pFlash
 *(COMMON)
                0x000000002000021c                . = ALIGN (0x4)
                0x000000002000021c                _ebss = .
                0x000000002000021c                __bss_end__ = _ebss

._user_heap_stack
                0x000000002000021c      0x604 load address 0x0000000008003360
                0x0000000020000220                . = ALIGN (0x8)
 *fill*         0x000000002000021c        0x4 
                [!provide]                        PROVIDE (end = .)
                0x0000000020000220                PROVIDE (_end = .)
                0x0000000020000420                . = (. + _Min_Heap_Size)
 *fill*         0x0000000020000220      0x200 
                0x0000000020000820                . = (. + _Min_Stack_Size)
 *fill*         0x0000000020000420      0x400 
                0x0000000020000820                . = ALIGN (0x8)

/DISCARD/
 libc.a(*)
 libm.a(*)
 libgcc.a(*)

.ARM.attributes
                0x0000000000000000       0x30
 *(.ARM.attributes)
 .ARM.attributes
                0x0000000000000000       0x1e D:/STM32CubeIDE_1.13.2/STM32CubeIDE/plugins/com.st.stm32cube.ide.mcu.externaltools.gnu-tools-for-stm32.11.3.rel1.win32_1.1.1.202309131626/tools/bin/../lib/gcc/arm-none-eabi/11.3.1/thumb/v7e-m+fp/hard/crti.o
 .ARM.attributes
                0x000000000000001e       0x34 D:/STM32CubeIDE_1.13.2/STM32CubeIDE/plugins/com.st.stm32cube.ide.mcu.externaltools.gnu-tools-for-stm32.11.3.rel1.win32_1.1.1.202309131626/tools/bin/../lib/gcc/arm-none-eabi/11.3.1/thumb/v7e-m+fp/hard/crtbegin.o
 .ARM.attributes
                0x0000000000000052       0x34 ./Application/Bootloader/Bootloader.o
 .ARM.attributes
                0x0000000000000086       0x34 ./Application/User/Core/crc.o
 .ARM.attributes
                0x00000000000000ba       0x34 ./Application/User/Core/gpio.o
 .ARM.attributes
                0x00000000000000ee       0x34 ./Application/User/Core/main.o
 .ARM.attributes
                0x0000000000000122       0x34 ./Application/User/Core/stm32f4xx_hal_msp.o
 .ARM.attributes
                0x0000000000000156       0x34 ./Application/User/Core/stm32f4xx_it.o
 .ARM.attributes
                0x000000000000018a       0x34 ./Application/User/Core/usart.o
 .ARM.attributes
                0x00000000000001be       0x21 ./Application/User/Startup/startup_stm32f401ccux.o
 .ARM.attributes
                0x00000000000001df       0x34 ./Drivers/CMSIS/system_stm32f4xx.o
 .ARM.attributes
                0x0000000000000213       0x34 ./Drivers/STM32F4xx_HAL_Driver/stm32f4xx_hal.o
 .ARM.attributes
                0x0000000000000247       0x34 ./Drivers/STM32F4xx_HAL_Driver/stm32f4xx_hal_cortex.o
 .ARM.attributes
                0x000000000000027b       0x34 ./Drivers/STM32F4xx_HAL_Driver/stm32f4xx_hal_crc.o
 .ARM.attributes
                0x00000000000002af       0x34 ./Drivers/STM32F4xx_HAL_Driver/stm32f4xx_hal_flash.o
 .ARM.attributes
                0x00000000000002e3       0x34 ./Drivers/STM32F4xx_HAL_Driver/stm32f4xx_hal_flash_ex.o
 .ARM.attributes
                0x0000000000000317       0x34 ./Drivers/STM32F4xx_HAL_Driver/stm32f4xx_hal_gpio.o
 .ARM.attributes
                0x000000000000034b       0x34 ./Drivers/STM32F4xx_HAL_Driver/stm32f4xx_hal_rcc.o
 .ARM.attributes
                0x000000000000037f       0x34 ./Drivers/STM32F4xx_HAL_Driver/stm32f4xx_hal_uart.o
 .ARM.attributes
                0x00000000000003b3       0x34 D:/STM32CubeIDE_1.13.2/STM32CubeIDE/plugins/com.st.stm32cube.ide.mcu.externaltools.gnu-tools-for-stm32.11.3.rel1.win32_1.1.1.202309131626/tools/bin/../lib/gcc/arm-none-eabi/11.3.1/../../../../arm-none-eabi/lib/thumb/v7e-m+fp/hard\libc_nano.a(libc_a-memset.o)
 .ARM.attributes
                0x00000000000003e7       0x34 D:/STM32CubeIDE_1.13.2/STM32CubeIDE/plugins/com.st.stm32cube.ide.mcu.externaltools.gnu-tools-for-stm32.11.3.rel1.win32_1.1.1.202309131626/tools/bin/../lib/gcc/arm-none-eabi/11.3.1/../../../../arm-none-eabi/lib/thumb/v7e-m+fp/hard\libc_nano.a(libc_a-init.o)
 .ARM.attributes
                0x000000000000041b       0x1e D:/STM32CubeIDE_1.13.2/STM32CubeIDE/plugins/com.st.stm32cube.ide.mcu.externaltools.gnu-tools-for-stm32.11.3.rel1.win32_1.1.1.202309131626/tools/bin/../lib/gcc/arm-none-eabi/11.3.1/thumb/v7e-m+fp/hard\libgcc.a(_aeabi_uldivmod.o)
 .ARM.attributes
                0x0000000000000439       0x34 D:/STM32CubeIDE_1.13.2/STM32CubeIDE/plugins/com.st.stm32cube.ide.mcu.externaltools.gnu-tools-for-stm32.11.3.rel1.win32_1.1.1.202309131626/tools/bin/../lib/gcc/arm-none-eabi/11.3.1/thumb/v7e-m+fp/hard\libgcc.a(_udivmoddi4.o)
 .ARM.attributes
                0x000000000000046d       0x1e D:/STM32CubeIDE_1.13.2/STM32CubeIDE/plugins/com.st.stm32cube.ide.mcu.externaltools.gnu-tools-for-stm32.11.3.rel1.win32_1.1.1.202309131626/tools/bin/../lib/gcc/arm-none-eabi/11.3.1/thumb/v7e-m+fp/hard\libgcc.a(_dvmd_tls.o)
 .ARM.attributes
                0x000000000000048b       0x1e D:/STM32CubeIDE_1.13.2/STM32CubeIDE/plugins/com.st.stm32cube.ide.mcu.externaltools.gnu-tools-for-stm32.11.3.rel1.win32_1.1.1.202309131626/tools/bin/../lib/gcc/arm-none-eabi/11.3.1/thumb/v7e-m+fp/hard/crtn.o
OUTPUT(BootLoader1.elf elf32-littlearm)
LOAD linker stubs
LOAD D:/STM32CubeIDE_1.13.2/STM32CubeIDE/plugins/com.st.stm32cube.ide.mcu.externaltools.gnu-tools-for-stm32.11.3.rel1.win32_1.1.1.202309131626/tools/bin/../lib/gcc/arm-none-eabi/11.3.1/../../../../arm-none-eabi/lib/thumb/v7e-m+fp/hard\libc.a
LOAD D:/STM32CubeIDE_1.13.2/STM32CubeIDE/plugins/com.st.stm32cube.ide.mcu.externaltools.gnu-tools-for-stm32.11.3.rel1.win32_1.1.1.202309131626/tools/bin/../lib/gcc/arm-none-eabi/11.3.1/../../../../arm-none-eabi/lib/thumb/v7e-m+fp/hard\libm.a
LOAD D:/STM32CubeIDE_1.13.2/STM32CubeIDE/plugins/com.st.stm32cube.ide.mcu.externaltools.gnu-tools-for-stm32.11.3.rel1.win32_1.1.1.202309131626/tools/bin/../lib/gcc/arm-none-eabi/11.3.1/thumb/v7e-m+fp/hard\libgcc.a

.comment        0x0000000000000000       0x43
 .comment       0x0000000000000000       0x43 D:/STM32CubeIDE_1.13.2/STM32CubeIDE/plugins/com.st.stm32cube.ide.mcu.externaltools.gnu-tools-for-stm32.11.3.rel1.win32_1.1.1.202309131626/tools/bin/../lib/gcc/arm-none-eabi/11.3.1/thumb/v7e-m+fp/hard/crtbegin.o
                                         0x44 (size before relaxing)
 .comment       0x0000000000000043       0x44 ./Application/Bootloader/Bootloader.o
 .comment       0x0000000000000043       0x44 ./Application/User/Core/crc.o
 .comment       0x0000000000000043       0x44 ./Application/User/Core/gpio.o
 .comment       0x0000000000000043       0x44 ./Application/User/Core/main.o
 .comment       0x0000000000000043       0x44 ./Application/User/Core/stm32f4xx_hal_msp.o
 .comment       0x0000000000000043       0x44 ./Application/User/Core/stm32f4xx_it.o
 .comment       0x0000000000000043       0x44 ./Application/User/Core/usart.o
 .comment       0x0000000000000043       0x44 ./Drivers/CMSIS/system_stm32f4xx.o
 .comment       0x0000000000000043       0x44 ./Drivers/STM32F4xx_HAL_Driver/stm32f4xx_hal.o
 .comment       0x0000000000000043       0x44 ./Drivers/STM32F4xx_HAL_Driver/stm32f4xx_hal_cortex.o
 .comment       0x0000000000000043       0x44 ./Drivers/STM32F4xx_HAL_Driver/stm32f4xx_hal_crc.o
 .comment       0x0000000000000043       0x44 ./Drivers/STM32F4xx_HAL_Driver/stm32f4xx_hal_flash.o
 .comment       0x0000000000000043       0x44 ./Drivers/STM32F4xx_HAL_Driver/stm32f4xx_hal_flash_ex.o
 .comment       0x0000000000000043       0x44 ./Drivers/STM32F4xx_HAL_Driver/stm32f4xx_hal_gpio.o
 .comment       0x0000000000000043       0x44 ./Drivers/STM32F4xx_HAL_Driver/stm32f4xx_hal_rcc.o
 .comment       0x0000000000000043       0x44 ./Drivers/STM32F4xx_HAL_Driver/stm32f4xx_hal_uart.o

.debug_info     0x0000000000000000     0x96fe
 .debug_info    0x0000000000000000     0x12c2 ./Application/Bootloader/Bootloader.o
 .debug_info    0x00000000000012c2      0x44d ./Application/User/Core/crc.o
 .debug_info    0x000000000000170f      0x278 ./Application/User/Core/gpio.o
 .debug_info    0x0000000000001987      0x531 ./Application/User/Core/main.o
 .debug_info    0x0000000000001eb8      0x291 ./Application/User/Core/stm32f4xx_hal_msp.o
 .debug_info    0x0000000000002149      0x112 ./Application/User/Core/stm32f4xx_it.o
 .debug_info    0x000000000000225b      0x9a6 ./Application/User/Core/usart.o
 .debug_info    0x0000000000002c01       0x23 ./Application/User/Startup/startup_stm32f401ccux.o
 .debug_info    0x0000000000002c24      0x53e ./Drivers/CMSIS/system_stm32f4xx.o
 .debug_info    0x0000000000003162      0x8bb ./Drivers/STM32F4xx_HAL_Driver/stm32f4xx_hal.o
 .debug_info    0x0000000000003a1d      0xcc1 ./Drivers/STM32F4xx_HAL_Driver/stm32f4xx_hal_cortex.o
 .debug_info    0x00000000000046de      0x37d ./Drivers/STM32F4xx_HAL_Driver/stm32f4xx_hal_crc.o
 .debug_info    0x0000000000004a5b      0x589 ./Drivers/STM32F4xx_HAL_Driver/stm32f4xx_hal_flash.o
 .debug_info    0x0000000000004fe4      0x7d8 ./Drivers/STM32F4xx_HAL_Driver/stm32f4xx_hal_flash_ex.o
 .debug_info    0x00000000000057bc      0x6f9 ./Drivers/STM32F4xx_HAL_Driver/stm32f4xx_hal_gpio.o
 .debug_info    0x0000000000005eb5      0x8f3 ./Drivers/STM32F4xx_HAL_Driver/stm32f4xx_hal_rcc.o
 .debug_info    0x00000000000067a8     0x2f56 ./Drivers/STM32F4xx_HAL_Driver/stm32f4xx_hal_uart.o

.debug_abbrev   0x0000000000000000     0x1f3a
 .debug_abbrev  0x0000000000000000      0x306 ./Application/Bootloader/Bootloader.o
 .debug_abbrev  0x0000000000000306      0x1aa ./Application/User/Core/crc.o
 .debug_abbrev  0x00000000000004b0       0xcb ./Application/User/Core/gpio.o
 .debug_abbrev  0x000000000000057b      0x1db ./Application/User/Core/main.o
 .debug_abbrev  0x0000000000000756       0xd8 ./Application/User/Core/stm32f4xx_hal_msp.o
 .debug_abbrev  0x000000000000082e       0x73 ./Application/User/Core/stm32f4xx_it.o
 .debug_abbrev  0x00000000000008a1      0x1fe ./Application/User/Core/usart.o
 .debug_abbrev  0x0000000000000a9f       0x12 ./Application/User/Startup/startup_stm32f401ccux.o
 .debug_abbrev  0x0000000000000ab1      0x11a ./Drivers/CMSIS/system_stm32f4xx.o
 .debug_abbrev  0x0000000000000bcb      0x24b ./Drivers/STM32F4xx_HAL_Driver/stm32f4xx_hal.o
 .debug_abbrev  0x0000000000000e16      0x328 ./Drivers/STM32F4xx_HAL_Driver/stm32f4xx_hal_cortex.o
 .debug_abbrev  0x000000000000113e      0x180 ./Drivers/STM32F4xx_HAL_Driver/stm32f4xx_hal_crc.o
 .debug_abbrev  0x00000000000012be      0x27c ./Drivers/STM32F4xx_HAL_Driver/stm32f4xx_hal_flash.o
 .debug_abbrev  0x000000000000153a      0x25d ./Drivers/STM32F4xx_HAL_Driver/stm32f4xx_hal_flash_ex.o
 .debug_abbrev  0x0000000000001797      0x1d3 ./Drivers/STM32F4xx_HAL_Driver/stm32f4xx_hal_gpio.o
 .debug_abbrev  0x000000000000196a      0x2b5 ./Drivers/STM32F4xx_HAL_Driver/stm32f4xx_hal_rcc.o
 .debug_abbrev  0x0000000000001c1f      0x31b ./Drivers/STM32F4xx_HAL_Driver/stm32f4xx_hal_uart.o

.debug_aranges  0x0000000000000000      0x8e8
 .debug_aranges
                0x0000000000000000       0xb0 ./Application/Bootloader/Bootloader.o
 .debug_aranges
                0x00000000000000b0       0x30 ./Application/User/Core/crc.o
 .debug_aranges
                0x00000000000000e0       0x20 ./Application/User/Core/gpio.o
 .debug_aranges
                0x0000000000000100       0x30 ./Application/User/Core/main.o
 .debug_aranges
                0x0000000000000130       0x20 ./Application/User/Core/stm32f4xx_hal_msp.o
 .debug_aranges
                0x0000000000000150       0x60 ./Application/User/Core/stm32f4xx_it.o
 .debug_aranges
                0x00000000000001b0       0x38 ./Application/User/Core/usart.o
 .debug_aranges
                0x00000000000001e8       0x28 ./Application/User/Startup/startup_stm32f401ccux.o
 .debug_aranges
                0x0000000000000210       0x28 ./Drivers/CMSIS/system_stm32f4xx.o
 .debug_aranges
                0x0000000000000238       0xf0 ./Drivers/STM32F4xx_HAL_Driver/stm32f4xx_hal.o
 .debug_aranges
                0x0000000000000328      0x120 ./Drivers/STM32F4xx_HAL_Driver/stm32f4xx_hal_cortex.o
 .debug_aranges
                0x0000000000000448       0x50 ./Drivers/STM32F4xx_HAL_Driver/stm32f4xx_hal_crc.o
 .debug_aranges
                0x0000000000000498       0xa0 ./Drivers/STM32F4xx_HAL_Driver/stm32f4xx_hal_flash.o
 .debug_aranges
                0x0000000000000538       0xc8 ./Drivers/STM32F4xx_HAL_Driver/stm32f4xx_hal_flash_ex.o
 .debug_aranges
                0x0000000000000600       0x58 ./Drivers/STM32F4xx_HAL_Driver/stm32f4xx_hal_gpio.o
 .debug_aranges
                0x0000000000000658       0x88 ./Drivers/STM32F4xx_HAL_Driver/stm32f4xx_hal_rcc.o
 .debug_aranges
                0x00000000000006e0      0x208 ./Drivers/STM32F4xx_HAL_Driver/stm32f4xx_hal_uart.o

.debug_rnglists
                0x0000000000000000      0x6b0
 .debug_rnglists
                0x0000000000000000       0x86 ./Application/Bootloader/Bootloader.o
 .debug_rnglists
                0x0000000000000086       0x1f ./Application/User/Core/crc.o
 .debug_rnglists
                0x00000000000000a5       0x13 ./Application/User/Core/gpio.o
 .debug_rnglists
                0x00000000000000b8       0x20 ./Application/User/Core/main.o
 .debug_rnglists
                0x00000000000000d8       0x13 ./Application/User/Core/stm32f4xx_hal_msp.o
 .debug_rnglists
                0x00000000000000eb       0x43 ./Application/User/Core/stm32f4xx_it.o
 .debug_rnglists
                0x000000000000012e       0x26 ./Application/User/Core/usart.o
 .debug_rnglists
                0x0000000000000154       0x19 ./Application/User/Startup/startup_stm32f401ccux.o
 .debug_rnglists
                0x000000000000016d       0x1a ./Drivers/CMSIS/system_stm32f4xx.o
 .debug_rnglists
                0x0000000000000187       0xaf ./Drivers/STM32F4xx_HAL_Driver/stm32f4xx_hal.o
 .debug_rnglists
                0x0000000000000236       0xd4 ./Drivers/STM32F4xx_HAL_Driver/stm32f4xx_hal_cortex.o
 .debug_rnglists
                0x000000000000030a       0x37 ./Drivers/STM32F4xx_HAL_Driver/stm32f4xx_hal_crc.o
 .debug_rnglists
                0x0000000000000341       0x78 ./Drivers/STM32F4xx_HAL_Driver/stm32f4xx_hal_flash.o
 .debug_rnglists
                0x00000000000003b9       0x96 ./Drivers/STM32F4xx_HAL_Driver/stm32f4xx_hal_flash_ex.o
 .debug_rnglists
                0x000000000000044f       0x3f ./Drivers/STM32F4xx_HAL_Driver/stm32f4xx_hal_gpio.o
 .debug_rnglists
                0x000000000000048e       0x66 ./Drivers/STM32F4xx_HAL_Driver/stm32f4xx_hal_rcc.o
 .debug_rnglists
                0x00000000000004f4      0x1bc ./Drivers/STM32F4xx_HAL_Driver/stm32f4xx_hal_uart.o

.debug_macro    0x0000000000000000    0x1619a
 .debug_macro   0x0000000000000000      0x31b ./Application/Bootloader/Bootloader.o
 .debug_macro   0x000000000000031b      0xaa8 ./Application/Bootloader/Bootloader.o
 .debug_macro   0x0000000000000dc3      0x29b ./Application/Bootloader/Bootloader.o
 .debug_macro   0x000000000000105e       0x2e ./Application/Bootloader/Bootloader.o
 .debug_macro   0x000000000000108c       0x28 ./Application/Bootloader/Bootloader.o
 .debug_macro   0x00000000000010b4       0x22 ./Application/Bootloader/Bootloader.o
 .debug_macro   0x00000000000010d6       0x8e ./Application/Bootloader/Bootloader.o
 .debug_macro   0x0000000000001164       0x51 ./Application/Bootloader/Bootloader.o
 .debug_macro   0x00000000000011b5      0x103 ./Application/Bootloader/Bootloader.o
 .debug_macro   0x00000000000012b8       0x6a ./Application/Bootloader/Bootloader.o
 .debug_macro   0x0000000000001322      0x1df ./Application/Bootloader/Bootloader.o
 .debug_macro   0x0000000000001501       0x1c ./Application/Bootloader/Bootloader.o
 .debug_macro   0x000000000000151d       0x22 ./Application/Bootloader/Bootloader.o
 .debug_macro   0x000000000000153f       0xfb ./Application/Bootloader/Bootloader.o
 .debug_macro   0x000000000000163a     0x1011 ./Application/Bootloader/Bootloader.o
 .debug_macro   0x000000000000264b      0x11f ./Application/Bootloader/Bootloader.o
 .debug_macro   0x000000000000276a     0xb86c ./Application/Bootloader/Bootloader.o
 .debug_macro   0x000000000000dfd6       0x6d ./Application/Bootloader/Bootloader.o
 .debug_macro   0x000000000000e043     0x368c ./Application/Bootloader/Bootloader.o
 .debug_macro   0x00000000000116cf      0x174 ./Application/Bootloader/Bootloader.o
 .debug_macro   0x0000000000011843       0x5c ./Application/Bootloader/Bootloader.o
 .debug_macro   0x000000000001189f      0x416 ./Application/Bootloader/Bootloader.o
 .debug_macro   0x0000000000011cb5      0x9e9 ./Application/Bootloader/Bootloader.o
 .debug_macro   0x000000000001269e      0x115 ./Application/Bootloader/Bootloader.o
 .debug_macro   0x00000000000127b3       0xf8 ./Application/Bootloader/Bootloader.o
 .debug_macro   0x00000000000128ab       0xa5 ./Application/Bootloader/Bootloader.o
 .debug_macro   0x0000000000012950      0x15f ./Application/Bootloader/Bootloader.o
 .debug_macro   0x0000000000012aaf      0x287 ./Application/Bootloader/Bootloader.o
 .debug_macro   0x0000000000012d36       0x5f ./Application/Bootloader/Bootloader.o
 .debug_macro   0x0000000000012d95      0x236 ./Application/Bootloader/Bootloader.o
 .debug_macro   0x0000000000012fcb       0x22 ./Application/Bootloader/Bootloader.o
 .debug_macro   0x0000000000012fed      0x132 ./Application/Bootloader/Bootloader.o
 .debug_macro   0x000000000001311f      0x23a ./Application/Bootloader/Bootloader.o
 .debug_macro   0x0000000000013359       0x2e ./Application/Bootloader/Bootloader.o
 .debug_macro   0x0000000000013387      0x127 ./Application/Bootloader/Bootloader.o
 .debug_macro   0x00000000000134ae       0x85 ./Application/Bootloader/Bootloader.o
 .debug_macro   0x0000000000013533       0x89 ./Application/Bootloader/Bootloader.o
 .debug_macro   0x00000000000135bc      0x2aa ./Application/Bootloader/Bootloader.o
 .debug_macro   0x0000000000013866      0x126 ./Application/Bootloader/Bootloader.o
 .debug_macro   0x000000000001398c       0x46 ./Application/Bootloader/Bootloader.o
 .debug_macro   0x00000000000139d2       0x61 ./Application/Bootloader/Bootloader.o
 .debug_macro   0x0000000000013a33       0x2a ./Application/Bootloader/Bootloader.o
 .debug_macro   0x0000000000013a5d       0x43 ./Application/Bootloader/Bootloader.o
 .debug_macro   0x0000000000013aa0       0x34 ./Application/Bootloader/Bootloader.o
 .debug_macro   0x0000000000013ad4       0x16 ./Application/Bootloader/Bootloader.o
 .debug_macro   0x0000000000013aea       0x35 ./Application/Bootloader/Bootloader.o
 .debug_macro   0x0000000000013b1f      0x369 ./Application/Bootloader/Bootloader.o
 .debug_macro   0x0000000000013e88       0x10 ./Application/Bootloader/Bootloader.o
 .debug_macro   0x0000000000013e98       0x16 ./Application/Bootloader/Bootloader.o
 .debug_macro   0x0000000000013eae       0x43 ./Application/Bootloader/Bootloader.o
 .debug_macro   0x0000000000013ef1       0x34 ./Application/Bootloader/Bootloader.o
 .debug_macro   0x0000000000013f25       0x10 ./Application/Bootloader/Bootloader.o
 .debug_macro   0x0000000000013f35       0x58 ./Application/Bootloader/Bootloader.o
 .debug_macro   0x0000000000013f8d       0x8e ./Application/Bootloader/Bootloader.o
 .debug_macro   0x000000000001401b       0x1c ./Application/Bootloader/Bootloader.o
 .debug_macro   0x0000000000014037      0x177 ./Application/Bootloader/Bootloader.o
 .debug_macro   0x00000000000141ae       0x16 ./Application/Bootloader/Bootloader.o
 .debug_macro   0x00000000000141c4       0x16 ./Application/Bootloader/Bootloader.o
 .debug_macro   0x00000000000141da      0x147 ./Application/Bootloader/Bootloader.o
 .debug_macro   0x0000000000014321       0x16 ./Application/Bootloader/Bootloader.o
 .debug_macro   0x0000000000014337       0x20 ./Application/Bootloader/Bootloader.o
 .debug_macro   0x0000000000014357       0x4c ./Application/Bootloader/Bootloader.o
 .debug_macro   0x00000000000143a3      0x106 ./Application/Bootloader/Bootloader.o
 .debug_macro   0x00000000000144a9      0x1d8 ./Application/User/Core/crc.o
 .debug_macro   0x0000000000014681      0x1d8 ./Application/User/Core/gpio.o
 .debug_macro   0x0000000000014859      0x30e ./Application/User/Core/main.o
 .debug_macro   0x0000000000014b67       0x3a ./Application/User/Core/main.o
 .debug_macro   0x0000000000014ba1      0x1ce ./Application/User/Core/stm32f4xx_hal_msp.o
 .debug_macro   0x0000000000014d6f      0x1d8 ./Application/User/Core/stm32f4xx_it.o
 .debug_macro   0x0000000000014f47      0x1d8 ./Application/User/Core/usart.o
 .debug_macro   0x000000000001511f      0x1c4 ./Drivers/CMSIS/system_stm32f4xx.o
 .debug_macro   0x00000000000152e3      0x224 ./Drivers/STM32F4xx_HAL_Driver/stm32f4xx_hal.o
 .debug_macro   0x0000000000015507      0x1c4 ./Drivers/STM32F4xx_HAL_Driver/stm32f4xx_hal_cortex.o
 .debug_macro   0x00000000000156cb      0x1c4 ./Drivers/STM32F4xx_HAL_Driver/stm32f4xx_hal_crc.o
 .debug_macro   0x000000000001588f      0x1ca ./Drivers/STM32F4xx_HAL_Driver/stm32f4xx_hal_flash.o
 .debug_macro   0x0000000000015a59      0x1ca ./Drivers/STM32F4xx_HAL_Driver/stm32f4xx_hal_flash_ex.o
 .debug_macro   0x0000000000015c23      0x1ca ./Drivers/STM32F4xx_HAL_Driver/stm32f4xx_hal_gpio.o
 .debug_macro   0x0000000000015ded      0x1e8 ./Drivers/STM32F4xx_HAL_Driver/stm32f4xx_hal_rcc.o
 .debug_macro   0x0000000000015fd5      0x1c5 ./Drivers/STM32F4xx_HAL_Driver/stm32f4xx_hal_uart.o

.debug_line     0x0000000000000000     0xc015
 .debug_line    0x0000000000000000      0xf0d ./Application/Bootloader/Bootloader.o
 .debug_line    0x0000000000000f0d      0x78a ./Application/User/Core/crc.o
 .debug_line    0x0000000000001697      0x74a ./Application/User/Core/gpio.o
 .debug_line    0x0000000000001de1      0x9df ./Application/User/Core/main.o
 .debug_line    0x00000000000027c0      0x74e ./Application/User/Core/stm32f4xx_hal_msp.o
 .debug_line    0x0000000000002f0e      0x811 ./Application/User/Core/stm32f4xx_it.o
 .debug_line    0x000000000000371f      0x822 ./Application/User/Core/usart.o
 .debug_line    0x0000000000003f41       0x7a ./Application/User/Startup/startup_stm32f401ccux.o
 .debug_line    0x0000000000003fbb      0x7d0 ./Drivers/CMSIS/system_stm32f4xx.o
 .debug_line    0x000000000000478b      0xa36 ./Drivers/STM32F4xx_HAL_Driver/stm32f4xx_hal.o
 .debug_line    0x00000000000051c1      0xd02 ./Drivers/STM32F4xx_HAL_Driver/stm32f4xx_hal_cortex.o
 .debug_line    0x0000000000005ec3      0x895 ./Drivers/STM32F4xx_HAL_Driver/stm32f4xx_hal_crc.o
 .debug_line    0x0000000000006758      0xad5 ./Drivers/STM32F4xx_HAL_Driver/stm32f4xx_hal_flash.o
 .debug_line    0x000000000000722d      0xbda ./Drivers/STM32F4xx_HAL_Driver/stm32f4xx_hal_flash_ex.o
 .debug_line    0x0000000000007e07      0xb6e ./Drivers/STM32F4xx_HAL_Driver/stm32f4xx_hal_gpio.o
 .debug_line    0x0000000000008975      0xdad ./Drivers/STM32F4xx_HAL_Driver/stm32f4xx_hal_rcc.o
 .debug_line    0x0000000000009722     0x28f3 ./Drivers/STM32F4xx_HAL_Driver/stm32f4xx_hal_uart.o

.debug_str      0x0000000000000000    0x85ecb
 .debug_str     0x0000000000000000    0x83c50 ./Application/Bootloader/Bootloader.o
                                      0x83fd3 (size before relaxing)
 .debug_str     0x0000000000083c50       0x7d ./Application/User/Core/crc.o
                                      0x7f527 (size before relaxing)
 .debug_str     0x0000000000083ccd       0x4b ./Application/User/Core/gpio.o
                                      0x7f3ac (size before relaxing)
 .debug_str     0x0000000000083d18      0x1c7 ./Application/User/Core/main.o
                                      0x8304b (size before relaxing)
 .debug_str     0x0000000000083edf       0x4b ./Application/User/Core/stm32f4xx_hal_msp.o
                                      0x7f3ac (size before relaxing)
 .debug_str     0x0000000000083f2a       0xe8 ./Application/User/Core/stm32f4xx_it.o
                                      0x7f320 (size before relaxing)
 .debug_str     0x0000000000084012       0xfd ./Application/User/Core/usart.o
                                      0x7f94f (size before relaxing)
 .debug_str     0x000000000008410f       0x40 ./Application/User/Startup/startup_stm32f401ccux.o
                                         0x75 (size before relaxing)
 .debug_str     0x000000000008414f       0xfa ./Drivers/CMSIS/system_stm32f4xx.o
                                      0x7f45c (size before relaxing)
 .debug_str     0x0000000000084249      0x9b3 ./Drivers/STM32F4xx_HAL_Driver/stm32f4xx_hal.o
                                      0x7fe7e (size before relaxing)
 .debug_str     0x0000000000084bfc      0x380 ./Drivers/STM32F4xx_HAL_Driver/stm32f4xx_hal_cortex.o
                                      0x7fbb6 (size before relaxing)
 .debug_str     0x0000000000084f7c       0x9a ./Drivers/STM32F4xx_HAL_Driver/stm32f4xx_hal_crc.o
                                      0x7f478 (size before relaxing)
 .debug_str     0x0000000000085016      0x276 ./Drivers/STM32F4xx_HAL_Driver/stm32f4xx_hal_flash.o
                                      0x7f63a (size before relaxing)
 .debug_str     0x000000000008528c      0x23b ./Drivers/STM32F4xx_HAL_Driver/stm32f4xx_hal_flash_ex.o
                                      0x7f75d (size before relaxing)
 .debug_str     0x00000000000854c7      0x177 ./Drivers/STM32F4xx_HAL_Driver/stm32f4xx_hal_gpio.o
                                      0x7f5d7 (size before relaxing)
 .debug_str     0x000000000008563e      0x238 ./Drivers/STM32F4xx_HAL_Driver/stm32f4xx_hal_rcc.o
                                      0x7f890 (size before relaxing)
 .debug_str     0x0000000000085876      0x655 ./Drivers/STM32F4xx_HAL_Driver/stm32f4xx_hal_uart.o
                                      0x7fe5f (size before relaxing)

.debug_frame    0x0000000000000000     0x2250
 .debug_frame   0x0000000000000000      0x2d8 ./Application/Bootloader/Bootloader.o
 .debug_frame   0x00000000000002d8       0x7c ./Application/User/Core/crc.o
 .debug_frame   0x0000000000000354       0x38 ./Application/User/Core/gpio.o
 .debug_frame   0x000000000000038c       0x6c ./Application/User/Core/main.o
 .debug_frame   0x00000000000003f8       0x38 ./Application/User/Core/stm32f4xx_hal_msp.o
 .debug_frame   0x0000000000000430      0x104 ./Application/User/Core/stm32f4xx_it.o
 .debug_frame   0x0000000000000534       0x90 ./Application/User/Core/usart.o
 .debug_frame   0x00000000000005c4       0x58 ./Drivers/CMSIS/system_stm32f4xx.o
 .debug_frame   0x000000000000061c      0x374 ./Drivers/STM32F4xx_HAL_Driver/stm32f4xx_hal.o
 .debug_frame   0x0000000000000990      0x4b8 ./Drivers/STM32F4xx_HAL_Driver/stm32f4xx_hal_cortex.o
 .debug_frame   0x0000000000000e48      0x120 ./Drivers/STM32F4xx_HAL_Driver/stm32f4xx_hal_crc.o
 .debug_frame   0x0000000000000f68      0x274 ./Drivers/STM32F4xx_HAL_Driver/stm32f4xx_hal_flash.o
 .debug_frame   0x00000000000011dc      0x334 ./Drivers/STM32F4xx_HAL_Driver/stm32f4xx_hal_flash_ex.o
 .debug_frame   0x0000000000001510      0x14c ./Drivers/STM32F4xx_HAL_Driver/stm32f4xx_hal_gpio.o
 .debug_frame   0x000000000000165c      0x1f4 ./Drivers/STM32F4xx_HAL_Driver/stm32f4xx_hal_rcc.o
 .debug_frame   0x0000000000001850      0x954 ./Drivers/STM32F4xx_HAL_Driver/stm32f4xx_hal_uart.o
 .debug_frame   0x00000000000021a4       0x20 D:/STM32CubeIDE_1.13.2/STM32CubeIDE/plugins/com.st.stm32cube.ide.mcu.externaltools.gnu-tools-for-stm32.11.3.rel1.win32_1.1.1.202309131626/tools/bin/../lib/gcc/arm-none-eabi/11.3.1/../../../../arm-none-eabi/lib/thumb/v7e-m+fp/hard\libc_nano.a(libc_a-memset.o)
 .debug_frame   0x00000000000021c4       0x2c D:/STM32CubeIDE_1.13.2/STM32CubeIDE/plugins/com.st.stm32cube.ide.mcu.externaltools.gnu-tools-for-stm32.11.3.rel1.win32_1.1.1.202309131626/tools/bin/../lib/gcc/arm-none-eabi/11.3.1/../../../../arm-none-eabi/lib/thumb/v7e-m+fp/hard\libc_nano.a(libc_a-init.o)
 .debug_frame   0x00000000000021f0       0x2c D:/STM32CubeIDE_1.13.2/STM32CubeIDE/plugins/com.st.stm32cube.ide.mcu.externaltools.gnu-tools-for-stm32.11.3.rel1.win32_1.1.1.202309131626/tools/bin/../lib/gcc/arm-none-eabi/11.3.1/thumb/v7e-m+fp/hard\libgcc.a(_aeabi_uldivmod.o)
 .debug_frame   0x000000000000221c       0x34 D:/STM32CubeIDE_1.13.2/STM32CubeIDE/plugins/com.st.stm32cube.ide.mcu.externaltools.gnu-tools-for-stm32.11.3.rel1.win32_1.1.1.202309131626/tools/bin/../lib/gcc/arm-none-eabi/11.3.1/thumb/v7e-m+fp/hard\libgcc.a(_udivmoddi4.o)

.debug_line_str
                0x0000000000000000       0x69
 .debug_line_str
                0x0000000000000000       0x69 ./Application/User/Startup/startup_stm32f401ccux.o
                                         0x81 (size before relaxing)
