../Application/Bootloader/Bootloader.c:55:11:BL_UART_Featch_Host_Command	16	static
../Application/Bootloader/Bootloader.c:96:11:BL_PrintMsg	88	static
../Application/Bootloader/Bootloader.c:126:16:Bootloader_CRC_Verifiy	32	static
../Application/Bootloader/Bootloader.c:152:13:Bootloader_SendAck	24	static
../Application/Bootloader/Bootloader.c:159:13:Bootloader_SendNAck	16	static
../Application/Bootloader/Bootloader.c:166:13:Bootloader_Get_Version	24	static
../Application/Bootloader/Bootloader.c:195:13:Bootloader_Get_Help	16	static
../Application/Bootloader/Bootloader.c:223:13:Bootloader_Get_Chip_ID	24	static
../Application/Bootloader/Bootloader.c:253:13:Bootloader_Read_Protection_Level	24	static
../Application/Bootloader/Bootloader.c:287:13:Bootloader_Jump_to_Address	32	static
../Application/Bootloader/Bootloader.c:356:16:Perfrom_Flash_Erase	48	static
../Application/Bootloader/Bootloader.c:416:13:Bootloader_Erase_Flash	24	static
../Application/Bootloader/Bootloader.c:455:16:Perfrom_Memory_Write	40	static
../Application/Bootloader/Bootloader.c:476:13:Bootloader_Memory_Write	32	static
../Application/Bootloader/Bootloader.c:528:16:BL_Change_ROP_Level	48	static
../Application/Bootloader/Bootloader.c:569:13:Bootloader_ChangeReadProtection	24	static
../Application/Bootloader/Bootloader.c:617:16:BL_Read_Flash_Protection_Level	40	static
../Application/Bootloader/Bootloader.c:625:13:Bootloader_Jump_to_user_main	32	static,ignoring_inline_asm
../Application/Bootloader/Bootloader.c:657:13:BootLoader_SendData	24	static
